// Jest Snapshot v1, https://goo.gl/fbAQLP

exports[`GifItem Component Snapshot match test 1`] = `
<div>
  <div
    class="card"
  >
    <img
      alt="luffy"
      src="https://luffy.com/png"
    />
    <p>
      luffy
    </p>
  </div>
</div>
`;
